yarn run v1.22.22
$ vite build
[36mvite v8.0.3 [32mbuilding client environment for production...[36m[39m
[2K
transforming...Ô£ô 907 modules transformed.
rendering chunks...
computing gzip size...
dist/assets/browserHeaderIcon-t8f3uugC.svg    0.37 kB Ôöé gzip:  0.23 kB
dist/index.html                               0.53 kB Ôöé gzip:  0.33 kB
dist/assets/index-C3WUKyKt.css                0.04 kB Ôöé gzip:  0.06 kB
dist/assets/index-DFjy1gLf.js               305.10 kB Ôöé gzip: 97.72 kB

node.exe : [31mÔ£ù[39m Build failed in 557ms
No C:\Users\samsung\AppData\Roaming\npm\yarn.ps1:24 caractere:5
+     & "node$exe"  "$basedir/node_modules/yarn/bin/yarn.js" $args
+     ~~~~~~~~~~~~~~~~~~~~~~~~~~~~~~~~~~~~~~~~~~~~~~~~~~~~~~~~~~~~
    + CategoryInfo          : NotSpecified: ([31mÔ£ù[39m Build failed in 557ms:String) [], RemoteException
    + FullyQualifiedErrorId : NativeCommandError
 
[31merror during build:
[31mBuild failed with 1 error:

Error: [vite]: Rolldown failed to resolve import "@mui/icons-material/ArrowForwardIos" from 
"C:/Users/samsung/OneDrive/Desktop/Portif-lio---Pedro-Arthur/src/components/ButtonHead/index.jsx".
This is most likely unintended because it can break your application at runtime.
If you do want to externalize this module explicitly add it to
`build.rollupOptions.external`
    at viteLog (file:///C:/Users/samsung/OneDrive/Desktop/Portif-lio---Pedro-Arthur/node_modules/vite/dist/node/chunks/
node.js:32942:57)
    at 
file:///C:/Users/samsung/OneDrive/Desktop/Portif-lio---Pedro-Arthur/node_modules/vite/dist/node/chunks/node.js:32978:71
    at onwarn (file:///C:/Users/samsung/OneDrive/Desktop/Portif-lio---Pedro-Arthur/node_modules/@vitejs/plugin-react/di
st/index.js:40:7)
    at 
file:///C:/Users/samsung/OneDrive/Desktop/Portif-lio---Pedro-Arthur/node_modules/vite/dist/node/chunks/node.js:32978:28
    at onRollupLog (file:///C:/Users/samsung/OneDrive/Desktop/Portif-lio---Pedro-Arthur/node_modules/vite/dist/node/chu
nks/node.js:32973:63)
    at onLog (file:///C:/Users/samsung/OneDrive/Desktop/Portif-lio---Pedro-Arthur/node_modules/vite/dist/node/chunks/no
de.js:32743:4)
    at file:///C:/Users/samsung/OneDrive/Desktop/Portif-lio---Pedro-Arthur/node_modules/rolldown/dist/shared/rolldown-b
uild-CPrIX9V6.mjs:49:26
    at logger (file:///C:/Users/samsung/OneDrive/Desktop/Portif-lio---Pedro-Arthur/node_modules/rolldown/dist/shared/ro
lldown-build-CPrIX9V6.mjs:40:3)
    at onLog (file:///C:/Users/samsung/OneDrive/Desktop/Portif-lio---Pedro-Arthur/node_modules/rolldown/dist/shared/bin
dingify-input-options-e7ze4hPR.mjs:1972:32)[31m
    at aggregateBindingErrorsIntoJsError (file:///C:/Users/samsung/OneDrive/Desktop/Portif-lio---Pedro-Arthur/node_modu
les/rolldown/dist/shared/error-BLhcSyeg.mjs:48:18)
    at unwrapBindingResult (file:///C:/Users/samsung/OneDrive/Desktop/Portif-lio---Pedro-Arthur/node_modules/rolldown/d
ist/shared/error-BLhcSyeg.mjs:18:128)
    at #build (file:///C:/Users/samsung/OneDrive/Desktop/Portif-lio---Pedro-Arthur/node_modules/rolldown/dist/shared/ro
lldown-build-CPrIX9V6.mjs:3313:34)
    at async buildEnvironment (file:///C:/Users/samsung/OneDrive/Desktop/Portif-lio---Pedro-Arthur/node_modules/vite/di
st/node/chunks/node.js:32849:64)
    at async Object.build (file:///C:/Users/samsung/OneDrive/Desktop/Portif-lio---Pedro-Arthur/node_modules/vite/dist/n
ode/chunks/node.js:33271:19)
    at async Object.buildApp (file:///C:/Users/samsung/OneDrive/Desktop/Portif-lio---Pedro-Arthur/node_modules/vite/dis
t/node/chunks/node.js:33268:153)
    at async CAC.<anonymous> 
(file:///C:/Users/samsung/OneDrive/Desktop/Portif-lio---Pedro-Arthur/node_modules/vite/dist/node/cli.js:778:3) {
  errors: [Getter/Setter]
}[39m
error Command failed with exit code 1.
info Visit https://yarnpkg.com/en/docs/cli/run for documentation about this command.
